
[1m[46m RUN [49m[22m [36mv4.0.18 [39m[90mC:/Users/ertke/OneDrive/Masa├╝st├╝/periodya/muhasebeapp/motoroil[39m

 [31mÔØ»[39m src/services/billing/boost/__tests__/boostBillingV1_1.test.ts [2m([22m[2m4 tests[22m[2m | [22m[31m4 failed[39m[2m)[22m[33m 3554[2mms[22m[39m
[31m     [31m├ù[31m 1) issueBoostInvoice idempotent (no double ledger)[39m[33m 1112[2mms[22m[39m
[31m     [31m├ù[31m 2) AR balance correct before payment[39m[32m 120[2mms[22m[39m
[31m     [31m├ù[31m 3) markBoostInvoicePaid idempotent & correct CASH balance[39m[32m 229[2mms[22m[39m
[31m     [31m├ù[31m 4) rollover creates new period only once[39m[33m 1065[2mms[22m[39m
node.exe : 
At line:1 char:1
+ & "C:\Program Files\nodejs/node.exe" "C:\Program Files\nodejs/node_mo ...
+ ~~~~~~~~~~~~~~~~~~~~~~~~~~~~~~~~~~~~~~~~~~~~~~~~~~~~~~~~~~~~~~~~~~~~~
    + CategoryInfo          : NotSpecified: (:String) [], RemoteException
    + FullyQualifiedErrorId : NativeCommandError
 
[31mÔÄ»ÔÄ»ÔÄ»ÔÄ»ÔÄ»ÔÄ»ÔÄ»[39m[1m[41m Failed Tests 4 [49m[22m[31mÔÄ»ÔÄ»ÔÄ»ÔÄ»ÔÄ»ÔÄ»ÔÄ»[39m

[41m[1m FAIL [22m[49m src/services/billing/boost/__tests__/boostBillingV1_1.test.ts[2m > [22mBOOST BILLING v1.1 -
 Invoicing, AR vs Cash, Rollover[2m > [22m1) issueBoostInvoice idempotent (no double ledger)
[31m[1mPrismaClientValidationError[22m: 
Invalid `tx.ledgerGroup.create()` invocation in
C:/Users/ertke/OneDrive/Masa├╝st├╝/periodya/muhasebeapp/motoroil/src/services/billing/boost/invoices.ts:39:41

  36 
  37 // 3. Create AR/Revenue Ledger
  38 const lgId = `GRP_AR_${uuidv4().replace(/-/g, '').substring(0, 16).toUpperCase()}`;
ÔåÆ 39 const lg = await tx.ledgerGroup.create({
       data: {
         id: "GRP_AR_D51160BDEB2E4774",
         transactionType: "INVOICE_ISSUED",
         referenceId: "cmm42ql440003njnu4qocul5w",
         idempotencyKey: "BOOST_INVOICE_ISSUE:cmm42ql440003njnu4qocul5w:2026-04-1772147285981",
         description: "Boost Invoice AR for 2026-04-1772147285981",
         entries: {
           create: [
             {
               accountType: "ACCOUNTS_RECEIVABLE",
               tenantId: "PLATFORM",
               direction: "DEBIT",
               amount: new Prisma.Decimal("500"),
               currency: "TRY"
             },
             {
               accountType: "BOOST_REVENUE",
               tenantId: "PLATFORM",
               direction: "CREDIT",
               amount: new Prisma.Decimal("500"),
               currency: "TRY"
             }
           ]
         },
     +   tenantId: String
       }
     })

Argument `tenantId` is missing.[39m
[90m [2mÔØ»[22m wn node_modules/@prisma/client/runtime/library.js:[2m29:1363[22m[39m
[90m [2mÔØ»[22m $n.handleRequestError node_modules/@prisma/client/runtime/library.js:[2m121:6958[22m[39m
[90m [2mÔØ»[22m $n.handleAndLogRequestError node_modules/@prisma/client/runtime/library.js:[2m121:6623[22m[39m
[90m [2mÔØ»[22m $n.request node_modules/@prisma/client/runtime/library.js:[2m121:6307[22m[39m
[90m [2mÔØ»[22m l node_modules/@prisma/client/runtime/library.js:[2m130:9633[22m[39m
[36m [2mÔØ»[22m src/services/billing/boost/invoices.ts:[2m39:20[22m[39m
    [90m 37| [39m        [90m// 3. Create AR/Revenue Ledger[39m
    [90m 38| [39m        const lgId = `GRP_AR_${uuidv4().replace(/-/g, '').substring(0,ÔÇĞ
    [90m 39| [39m        [35mconst[39m lg [33m=[39m [35mawait[39m tx[33m.[39mledgerGroup[33m.[39m[34mcreat
e[39m({
    [90m   | [39m                   [31m^[39m
    [90m 40| [39m            data[33m:[39m {
    [90m 41| [39m                id[33m:[39m lgId[33m,[39m
[90m [2mÔØ»[22m src/lib/idempotency.ts:[2m60:28[22m[39m
[90m [2mÔØ»[22m Proxy._transactionWithCallback node_modules/@prisma/client/runtime/library.js:[2m130:8000[22m[39m
[90m [2mÔØ»[22m withIdempotency src/lib/idempotency.ts:[2m15:12[22m[39m
[90m [2mÔØ»[22m src/services/billing/boost/__tests__/boostBillingV1_1.test.ts:[2m55:22[22m[39m

[31m[2mÔÄ»ÔÄ»ÔÄ»ÔÄ»ÔÄ»ÔÄ»ÔÄ»ÔÄ»ÔÄ»ÔÄ»ÔÄ»ÔÄ»ÔÄ»ÔÄ»ÔÄ»ÔÄ»ÔÄ»ÔÄ»ÔÄ»ÔÄ»ÔÄ»ÔÄ»ÔÄ»ÔÄ»[1/4]ÔÄ»[22m[39m

[41m[1m FAIL [22m[49m src/services/billing/boost/__tests__/boostBillingV1_1.test.ts[2m > [22mBOOST BILLING v1.1 -
 Invoicing, AR vs Cash, Rollover[2m > [22m2) AR balance correct before payment
[31m[1mTypeError[22m: Cannot read properties of null (reading 'ledgerGroupId')[39m
[36m [2mÔØ»[22m src/services/billing/boost/__tests__/boostBillingV1_1.test.ts:[2m78:44[22m[39m
    [90m 76| [39m         [35mconst[39m debits [33m=[39m [35mawait[39m prisma[33m.[39mledgerEntry[33m.[39m
[34maggregate[39m({
    [90m 77| [39m              _sum[33m:[39m { amount[33m:[39m [35mtrue[39m }[33m,[39m
    [90m 78| [39m              where: { ledgerGroupId: inv!.ledgerGroupId!, accountTypeÔÇĞ
    [90m   | [39m                                           [31m^[39m
    [90m 79| [39m         })[33m;[39m
    [90m 80| [39m         [34mexpect[39m(debits[33m.[39m_sum[33m.[39mamount[33m?.[39m[34mtoNumber[39m())[3
3m.[39m[34mtoBeGreaterThan[39m([34m0[39m)[33m;[39m

[31m[2mÔÄ»ÔÄ»ÔÄ»ÔÄ»ÔÄ»ÔÄ»ÔÄ»ÔÄ»ÔÄ»ÔÄ»ÔÄ»ÔÄ»ÔÄ»ÔÄ»ÔÄ»ÔÄ»ÔÄ»ÔÄ»ÔÄ»ÔÄ»ÔÄ»ÔÄ»ÔÄ»ÔÄ»[2/4]ÔÄ»[22m[39m

[41m[1m FAIL [22m[49m src/services/billing/boost/__tests__/boostBillingV1_1.test.ts[2m > [22mBOOST BILLING v1.1 -
 Invoicing, AR vs Cash, Rollover[2m > [22m3) markBoostInvoicePaid idempotent & correct CASH balance
[31m[1mPrismaClientValidationError[22m: 
Invalid `tx.boostInvoice.findUnique()` invocation in
C:/Users/ertke/OneDrive/Masa├╝st├╝/periodya/muhasebeapp/motoroil/src/services/billing/boost/invoices.ts:102:44

   99 const idempotencyKey = `BOOST_INVOICE_PAYMENT:${invoiceId}`;
  100 
  101 return withIdempotency(prisma, idempotencyKey, 'BOOST_PAYMENT', 'PLATFORM', async (tx) => {
ÔåÆ 102      const inv = await tx.boostInvoice.findUnique({
             where: {
               id: undefined,
           ?   subscriptionId_periodKey?: BoostInvoiceSubscriptionIdPeriodKeyCompoundUniqueInput,
           ?   AND?: BoostInvoiceWhereInput | BoostInvoiceWhereInput[],
           ?   OR?: BoostInvoiceWhereInput[],
           ?   NOT?: BoostInvoiceWhereInput | BoostInvoiceWhereInput[],
           ?   sellerTenantId?: StringFilter | String,
           ?   subscriptionId?: StringFilter | String,
           ?   periodKey?: StringFilter | String,
           ?   amount?: DecimalFilter | Decimal,
           ?   currency?: StringFilter | String,
           ?   status?: EnumBoostInvoiceStatusFilter | BoostInvoiceStatus,
           ?   issuedAt?: DateTimeFilter | DateTime,
           ?   dueAt?: DateTimeFilter | DateTime,
           ?   paidAt?: DateTimeNullableFilter | DateTime | Null,
           ?   ledgerGroupId?: StringNullableFilter | String | Null,
           ?   createdAt?: DateTimeFilter | DateTime,
           ?   updatedAt?: DateTimeFilter | DateTime,
           ?   subscription?: BoostSubscriptionRelationFilter | BoostSubscriptionWhereInput
             }
           })

Argument `where` of type BoostInvoiceWhereUniqueInput needs at least one of `id` or `subscriptionId_periodKey` argument
s. Available options are marked with ?.[39m
[90m [2mÔØ»[22m wn node_modules/@prisma/client/runtime/library.js:[2m29:1363[22m[39m
[90m [2mÔØ»[22m $n.handleRequestError node_modules/@prisma/client/runtime/library.js:[2m121:6958[22m[39m
[90m [2mÔØ»[22m $n.handleAndLogRequestError node_modules/@prisma/client/runtime/library.js:[2m121:6623[22m[39m
[90m [2mÔØ»[22m $n.request node_modules/@prisma/client/runtime/library.js:[2m121:6307[22m[39m
[90m [2mÔØ»[22m l node_modules/@prisma/client/runtime/library.js:[2m130:9633[22m[39m
[36m [2mÔØ»[22m src/services/billing/boost/invoices.ts:[2m102:22[22m[39m
    [90m100| [39m
    [90m101| [39m    return withIdempotency(prisma, idempotencyKey, 'BOOST_PAYMENT', 'PÔÇĞ
    [90m102| [39m         [35mconst[39m inv [33m=[39m [35mawait[39m tx[33m.[39mboostInvoice[33m.[39m[34mfi
ndUnique[39m({
    [90m   | [39m                     [31m^[39m
    [90m103| [39m             where[33m:[39m { id[33m:[39m invoiceId }
    [90m104| [39m         })[33m;[39m
[90m [2mÔØ»[22m src/lib/idempotency.ts:[2m60:28[22m[39m
[90m [2mÔØ»[22m Proxy._transactionWithCallback node_modules/@prisma/client/runtime/library.js:[2m130:8000[22m[39m
[90m [2mÔØ»[22m withIdempotency src/lib/idempotency.ts:[2m15:12[22m[39m
[90m [2mÔØ»[22m src/services/billing/boost/__tests__/boostBillingV1_1.test.ts:[2m85:23[22m[39m

[31m[2mÔÄ»ÔÄ»ÔÄ»ÔÄ»ÔÄ»ÔÄ»ÔÄ»ÔÄ»ÔÄ»ÔÄ»ÔÄ»ÔÄ»ÔÄ»ÔÄ»ÔÄ»ÔÄ»ÔÄ»ÔÄ»ÔÄ»ÔÄ»ÔÄ»ÔÄ»ÔÄ»ÔÄ»[3/4]ÔÄ»[22m[39m

[41m[1m FAIL [22m[49m src/services/billing/boost/__tests__/boostBillingV1_1.test.ts[2m > [22mBOOST BILLING v1.1 -
 Invoicing, AR vs Cash, Rollover[2m > [22m4) rollover creates new period only once
[31m[1mAssertionError[22m: expected undefined to be defined[39m
[36m [2mÔØ»[22m src/services/billing/boost/__tests__/boostBillingV1_1.test.ts:[2m110:20[22m[39m
    [90m108| [39m         [90m// Should find our test sub and renew it[39m
    [90m109| [39m         [35mconst[39m r [33m=[39m res[33m.[39m[34mfind[39m((x[33m:[39m any) [33m=>[39m 
x[33m.[39mrenewed [33m===[39m [35mtrue[39m)[33m;[39m
    [90m110| [39m         [34mexpect[39m(r)[33m.[39m[34mtoBeDefined[39m()[33m;[39m
    [90m   | [39m                   [31m^[39m

[2m Test Files [22m [1m[31m1 failed[39m[22m[90m (1)[39m
[2m      Tests [22m [1m[31m4 failed[39m[22m[90m (4)[39m
[2m   Start at [22m 02:08:04
[2m   Duration [22m 4.09s[2m (transform 147ms, setup 0ms, import 316ms, tests 3.55s, environment 0ms)[22m

    [90m111| [39m         [34mexpect[39m(r[33m?.[39msuccess)[33m.[39m[34mtoBe[39m([35mtrue[39m)[33m;[39m
    [90m112| [39m         [34mexpect[39m(r[33m?.[39mperiodKey)[33m.[39m[34mtoBeDefined[39m()[33m;[39m

[31m[2mÔÄ»ÔÄ»ÔÄ»ÔÄ»ÔÄ»ÔÄ»ÔÄ»ÔÄ»ÔÄ»ÔÄ»ÔÄ»ÔÄ»ÔÄ»ÔÄ»ÔÄ»ÔÄ»ÔÄ»ÔÄ»ÔÄ»ÔÄ»ÔÄ»ÔÄ»ÔÄ»ÔÄ»[4/4]ÔÄ»[22m[39m

